+---------------------------------------+
|     All pyWarpUstruct Options:        |
+---------------------------------------+
{'LdefFact': 1.0,
 'aExp': 3.0,
 'alpha': 0.25,
 'bExp': 5.0,
 'bucketSize': 8,
 'cornerAngle': 30.0,
 'errTol': 0.0005,
 'evalMode': 'fast',
 'fileType': 'openfoam',
 'gridFile': './input/ahmedBodyMesh',
 'restartFile': None,
 'specifiedSurfaces': None,
 'symmTol': 1e-06,
 'symmetryPlanes': [[[0, 0, 0], [0, 1, 0]]],
 'symmetrySurfaces': None,
 'useRotations': True,
 'zeroCornerRotations': True}
#------------------------------#
 Total Volume Nodes :     21706 
#------------------------------#

+------------------------------------------------------------------------------+
| pyWarpUstruct Warning: Using internally generated pyWarpUStruct surfaces. If |
| this mesh object is to be used with an external solver, ensure the mesh      |
| object is passed to the solver immediatedly after it is created. The         |
| external solver must then call 'setExternalMeshIndices()' and                |
| 'setSurfaceDefinition()' routines.                                           |
+------------------------------------------------------------------------------+

+-------------------- Symmetry Planes -------------------+
|           Point                        Normal          |
| (  0.000   0.000   0.000)    (  0.000   1.000   0.000) |
+--------------------------------------------------------+
#--------------------------------#
 Unique Surface Nodes :      3652 
#--------------------------------#
 Computing Denomenator Estimate...
 Load Balancing...
 Finished Mesh Initialization.
Sum of vCoords Inital:
@value    25205.45183210579 1e-08 1e-08
Sum of vCoords Warped:
@value    25445.49922624812 1e-08 1e-08
Computing Warp Deriv
Sum of dxs:
@value    30393.80381494912 1e-08 1e-08
