+---------------------------------------+
|     All pyWarpUstruct Options:        |
+---------------------------------------+
{'LdefFact': 1.0,
 'aExp': 3.0,
 'alpha': 0.25,
 'bExp': 5.0,
 'bucketSize': 8,
 'cornerAngle': 30.0,
 'errTol': 0.0005,
 'evalMode': 'fast',
 'fileType': 'openfoam',
 'gridFile': '/home/gaetan/hg/pywarpustruct/python/input_files/ahmedBodyMesh',
 'restartFile': None,
 'specifiedSurfaces': None,
 'symmTol': 1e-06,
 'symmetryPlanes': [[[0, 0, 0], [0, 1, 0]]],
 'symmetrySurfaces': None,
 'useRotations': True,
 'zeroCornerRotations': True}
#------------------------------#
 Total Volume Nodes :     21706 
#------------------------------#

+------------------------------------------------------------------------------+
| pyWarpUstruct Warning: Using internally generated pyWarpUStruct surfaces. If |
| this mesh object is to be used with an external solver, ensure the mesh      |
| object is passed to the solver immediatedly after it is created. The         |
| external solver must then call 'setExternalMeshIndices()' and                |
| 'setSurfaceDefinition()' routines.                                           |
+------------------------------------------------------------------------------+

+-------------------- Symmetry Planes -------------------+
|           Point                        Normal          |
| (  0.000   0.000   0.000)    (  0.000   1.000   0.000) |
+--------------------------------------------------------+
#--------------------------------#
 Unique Surface Nodes :      3652 
#--------------------------------#
 Computing Denomenator Estimate...
 Load Balancing...
 Finished Mesh Initialization.
Sum of vCoords Inital:
@value    25205.45183210579 1e-08 1e-08
Sum of vCoords Warped:
@value    25445.49922624812 1e-08 1e-08
Computing Warp Deriv
Sum of dxs:
@value    30393.80381494912 1e-08 1e-08
Verifying Warp Deriv
 Welcome to verifyWarpDeriv
 Checking           10  degrees of freedom
 Doing centered differnce with h:   1.0000000000000001E-009
 Running AD Version
DOF:    0 OrigVal:  -2.00000000000     AD:  1.27642322169     FD:  1.27642338371     Err(%): 0.1269357246E-04
DOF:    1 OrigVal:   0.00000000000     AD: 0.978090212310E-02 FD: 0.978063111802E-02 Err(%):-0.2770795872E-02
DOF:    2 OrigVal:   0.00000000000     AD: 0.137257479642     FD: 0.137259123873     Err(%): 0.1197910523E-02
DOF:    3 OrigVal:  -1.99166665000     AD:  1.50818834222     FD:  1.50818639158     Err(%):-0.1293367155E-03
DOF:    4 OrigVal:   0.00000000000     AD: 0.982045869970E-02 FD: 0.982017691878E-02 Err(%):-0.2869366621E-02
DOF:    5 OrigVal:  0.166667000000     AD: 0.148925352941     FD: 0.148923765162     Err(%):-0.1066163406E-02
DOF:    6 OrigVal:  -1.99166665000     AD:  2.16667422175     FD:  2.16667320500     Err(%):-0.4692644744E-04
DOF:    7 OrigVal:  0.166668000000     AD: 0.371831885487E-01 FD: 0.371833133759E-01 Err(%): 0.3357081919E-03
DOF:    8 OrigVal:  0.166667000000     AD: 0.134529510801     FD: 0.134528078659     Err(%):-0.1064562176E-02
DOF:    9 OrigVal:  -2.00000000000     AD:  1.93627939090     FD:  1.93628216326     Err(%): 0.1431798906E-03
DOF:   10 OrigVal:  0.166807000000     AD: 0.167342630294E-01 FD: 0.167339768261E-01 Err(%):-0.1710297994E-02
